[44m[37m[1m--- Pyrmethus's Bybit Journal Automaton Activated ---[0m
[35m[1mInitializing the Trading Journal Chronicle...[0m
Attempting to weave connection to Bybit's realm...
Verifying API connection pact...
[32mAPI connection pact sealed successfully.[0m
[32mPerforming initial fetch for the last 24 hours before scheduling...[0m
[35m[1m--- Performing Daily Ritual (2025-05-10 17:56:57) ---[0m
Gathering whispers from [36m2025-05-09 17:56:57[0m to [36m2025-05-10 17:56:57[0m (approx last 24 hours).
[34m--- Listening in Realm: [1mlinear[0m ---
[36mSummoning closed PnL spirits for realm: [1mlinear[0m...
[32mFinished summoning. Total 82 records found for linear across 2 pages.[0m
[36mWeaving 82 raw records from realm 'linear' into the chronicle...[0m
[32mSuccessfully processed 82 records for realm linear.[0m
Heard 82 new whispers in realm linear.
[34m--- Listening in Realm: [1minverse[0m ---
[36mSummoning closed PnL spirits for realm: [1minverse[0m...
[32mFinished summoning. Total 0 records found for inverse across 1 pages.[0m
Silence in realm inverse for this period.
[36mCombining daily whispers from all realms (82 total records)...[0m
Total unique new records found during daily ritual: 82
Scroll (bybit_trading_journal.csv) not found or is empty. Preparing to inscribe 82 new records.
[36mInscribing 82 new insights onto the scroll (bybit_trading_journal.csv)...[0m
[32mSuccessfully inscribed 82 new records.[0m
[32m[1m--- Daily Ritual Completed ---[0m
[32mCreated a protective echo: backup_20250510_175700_bybit_trading_journal.csv[0m
[32mScheduling the daily ritual to commence every day at 00:05.[0m
[36mThe automaton now slumbers, awaiting the scheduled time or a manual interruption (CTRL+C)...[0m
[44m[37m[1m--- Pyrmethus's Bybit Journal Automaton Activated ---[0m
[35m[1mInitializing the Trading Journal Chronicle...[0m
Attempting to weave connection to Bybit's realm...
Verifying API connection pact...
[32mAPI connection pact sealed successfully.[0m
[32mPerforming initial fetch for the last 24 hours before scheduling...[0m
[35m[1m--- Performing Daily Ritual (2025-05-10 18:59:02) ---[0m
Gathering whispers from [36m2025-05-09 18:59:02[0m to [36m2025-05-10 18:59:02[0m (approx last 24 hours).
[34m--- Listening in Realm: [1mlinear[0m ---
[36mSummoning closed PnL spirits for realm: [1mlinear[0m...
[32mFinished summoning. Total 128 records found for linear across 3 pages.[0m
[36mWeaving 128 raw records from realm 'linear' into the chronicle...[0m
[32mSuccessfully processed 128 records for realm linear.[0m
Heard 128 new whispers in realm linear.
[34m--- Listening in Realm: [1minverse[0m ---
[36mSummoning closed PnL spirits for realm: [1minverse[0m...
[32mFinished summoning. Total 0 records found for inverse across 1 pages.[0m
Silence in realm inverse for this period.
[36mCombining daily whispers from all realms (128 total records)...[0m
Total unique new records found during daily ritual: 128
[36mConsulting the existing scroll (bybit_trading_journal.csv) to prevent echoes...[0m
[33mBanished 81 duplicate echoes based on orderId.[0m
[36mInscribing 47 new insights onto the scroll (bybit_trading_journal.csv)...[0m
[32mSuccessfully inscribed 47 new records.[0m
[32m[1m--- Daily Ritual Completed ---[0m
[32mCreated a protective echo: backup_20250510_185907_bybit_trading_journal.csv[0m
[32mScheduling the daily ritual to commence every day at 00:05.[0m
[36mThe automaton now slumbers, awaiting the scheduled time or a manual interruption (CTRL+C)...[0m

[33m[1mSpell broken by the user's will. The automaton rests.[0m
